Archive member included because of file (symbol)

/usr/lib/gcc/msp430/4.5.3/mcpu-430x/mmpy-16/libgcc.a(_divmodhi4.o)
                              objs/./main.o (__divmodhi4)
/usr/lib/gcc/msp430/4.5.3/mcpu-430x/mmpy-16/libgcc.a(_udivmodhi4.o)
                              /usr/lib/gcc/msp430/4.5.3/mcpu-430x/mmpy-16/libgcc.a(_divmodhi4.o) (__udivmodhi4)
/usr/lib/gcc/msp430/4.5.3/mcpu-430x/mmpy-16/libcrt0.a(_reset_vector__.o)
                              /usr/lib/gcc/msp430/4.5.3/mcpu-430x/mmpy-16/crt0ivtbl64.o (_reset_vector__)
/usr/lib/gcc/msp430/4.5.3/mcpu-430x/mmpy-16/libcrt0.a(__init_stack.o)
                              /usr/lib/gcc/msp430/4.5.3/mcpu-430x/mmpy-16/libcrt0.a(_reset_vector__.o) (__init_stack)
/usr/lib/gcc/msp430/4.5.3/mcpu-430x/mmpy-16/libcrt0.a(__low_level_init.o)
                              /usr/lib/gcc/msp430/4.5.3/mcpu-430x/mmpy-16/libcrt0.a(_reset_vector__.o) (__low_level_init)
/usr/lib/gcc/msp430/4.5.3/mcpu-430x/mmpy-16/libcrt0.a(_copy_data.o)
                              /usr/lib/gcc/msp430/4.5.3/mcpu-430x/mmpy-16/libcrt0.a(_reset_vector__.o) (__do_copy_data)
/usr/lib/gcc/msp430/4.5.3/mcpu-430x/mmpy-16/libcrt0.a(_clear_bss.o)
                              /usr/lib/gcc/msp430/4.5.3/mcpu-430x/mmpy-16/libcrt0.a(_reset_vector__.o) (__do_clear_bss)
/usr/lib/gcc/msp430/4.5.3/mcpu-430x/mmpy-16/libcrt0.a(__stop_progExec__.o)
                              /usr/lib/gcc/msp430/4.5.3/mcpu-430x/mmpy-16/libcrt0.a(_reset_vector__.o) (__stop_progExec__)
/usr/lib/gcc/msp430/4.5.3/mcpu-430x/mmpy-16/libcrt0.a(_endless_loop__.o)
                              /usr/lib/gcc/msp430/4.5.3/mcpu-430x/mmpy-16/libcrt0.a(_reset_vector__.o) (_endless_loop__)
/usr/lib/gcc/msp430/4.5.3/mcpu-430x/mmpy-16/libcrt0.a(_unexpected_.o)
                              /usr/lib/gcc/msp430/4.5.3/mcpu-430x/mmpy-16/crt0ivtbl64.o (_unexpected_)

Memory Configuration

Name             Origin             Length             Attributes
sfr              0x0000000000000000 0x0000000000000010
peripheral_8bit  0x0000000000000010 0x00000000000000f0
peripheral_16bit 0x0000000000000100 0x0000000000000100
bsl              0x0000000000001000 0x0000000000000200
infomem          0x0000000000001800 0x0000000000000200
infod            0x0000000000001800 0x0000000000000080
infoc            0x0000000000001880 0x0000000000000080
infob            0x0000000000001900 0x0000000000000080
infoa            0x0000000000001980 0x0000000000000080
ram              0x0000000000002400 0x0000000000001000 xw
rom              0x0000000000008000 0x0000000000007f80 xr
vectors          0x000000000000ff80 0x0000000000000080
far_rom          0x0000000000000000 0x0000000000000000
*default*        0x0000000000000000 0xffffffffffffffff

Linker script and memory map

LOAD /usr/lib/gcc/msp430/4.5.3/mcpu-430x/mmpy-16/crt0ivtbl64.o
LOAD objs/./lcd.o
LOAD objs/./main.o
LOAD /usr/lib/gcc/msp430/4.5.3/mcpu-430x/mmpy-16/libgcc.a
LOAD /usr/lib/gcc/msp430/4.5.3/../../../../msp430/lib/mcpu-430x/mmpy-16/libc.a
LOAD /usr/lib/gcc/msp430/4.5.3/mcpu-430x/mmpy-16/libgcc.a
LOAD /usr/lib/gcc/msp430/4.5.3/mcpu-430x/mmpy-16/libcrt0.a
                0x0000000000000740                __ADC10CTL0_L = 0x740
                0x0000000000000741                __ADC10CTL0_H = 0x741
                0x0000000000000740                __ADC10CTL0 = 0x740
                0x0000000000000742                __ADC10CTL1_L = 0x742
                0x0000000000000743                __ADC10CTL1_H = 0x743
                0x0000000000000742                __ADC10CTL1 = 0x742
                0x0000000000000744                __ADC10CTL2_L = 0x744
                0x0000000000000745                __ADC10CTL2_H = 0x745
                0x0000000000000744                __ADC10CTL2 = 0x744
                0x0000000000000746                __ADC10LO_L = 0x746
                0x0000000000000747                __ADC10LO_H = 0x747
                0x0000000000000746                __ADC10LO = 0x746
                0x0000000000000748                __ADC10HI_L = 0x748
                0x0000000000000749                __ADC10HI_H = 0x749
                0x0000000000000748                __ADC10HI = 0x748
                0x000000000000074a                __ADC10MCTL0_L = 0x74a
                0x000000000000074b                __ADC10MCTL0_H = 0x74b
                0x000000000000074a                __ADC10MCTL0 = 0x74a
                0x0000000000000752                __ADC10MEM0_L = 0x752
                0x0000000000000753                __ADC10MEM0_H = 0x753
                0x0000000000000752                __ADC10MEM0 = 0x752
                0x000000000000075a                __ADC10IE_L = 0x75a
                0x000000000000075b                __ADC10IE_H = 0x75b
                0x000000000000075a                __ADC10IE = 0x75a
                0x000000000000075c                __ADC10IFG_L = 0x75c
                0x000000000000075d                __ADC10IFG_H = 0x75d
                0x000000000000075c                __ADC10IFG = 0x75c
                0x000000000000075e                __ADC10IV_L = 0x75e
                0x000000000000075f                __ADC10IV_H = 0x75f
                0x000000000000075e                __ADC10IV = 0x75e
                0x00000000000008c0                __CBCTL0_L = 0x8c0
                0x00000000000008c1                __CBCTL0_H = 0x8c1
                0x00000000000008c0                __CBCTL0 = 0x8c0
                0x00000000000008c2                __CBCTL1_L = 0x8c2
                0x00000000000008c3                __CBCTL1_H = 0x8c3
                0x00000000000008c2                __CBCTL1 = 0x8c2
                0x00000000000008c4                __CBCTL2_L = 0x8c4
                0x00000000000008c5                __CBCTL2_H = 0x8c5
                0x00000000000008c4                __CBCTL2 = 0x8c4
                0x00000000000008c6                __CBCTL3_L = 0x8c6
                0x00000000000008c7                __CBCTL3_H = 0x8c7
                0x00000000000008c6                __CBCTL3 = 0x8c6
                0x00000000000008cc                __CBINT_L = 0x8cc
                0x00000000000008cd                __CBINT_H = 0x8cd
                0x00000000000008cc                __CBINT = 0x8cc
                0x00000000000008ce                __CBIV = 0x8ce
                0x0000000000000150                __CRCDI_L = 0x150
                0x0000000000000151                __CRCDI_H = 0x151
                0x0000000000000150                __CRCDI = 0x150
                0x0000000000000152                __CRCDIRB_L = 0x152
                0x0000000000000153                __CRCDIRB_H = 0x153
                0x0000000000000152                __CRCDIRB = 0x152
                0x0000000000000154                __CRCINIRES_L = 0x154
                0x0000000000000155                __CRCINIRES_H = 0x155
                0x0000000000000154                __CRCINIRES = 0x154
                0x0000000000000156                __CRCRESR_L = 0x156
                0x0000000000000157                __CRCRESR_H = 0x157
                0x0000000000000156                __CRCRESR = 0x156
                0x0000000000000500                __DMACTL0_L = 0x500
                0x0000000000000501                __DMACTL0_H = 0x501
                0x0000000000000500                __DMACTL0 = 0x500
                0x0000000000000502                __DMACTL1_L = 0x502
                0x0000000000000503                __DMACTL1_H = 0x503
                0x0000000000000502                __DMACTL1 = 0x502
                0x0000000000000504                __DMACTL2_L = 0x504
                0x0000000000000505                __DMACTL2_H = 0x505
                0x0000000000000504                __DMACTL2 = 0x504
                0x0000000000000506                __DMACTL3_L = 0x506
                0x0000000000000507                __DMACTL3_H = 0x507
                0x0000000000000506                __DMACTL3 = 0x506
                0x0000000000000508                __DMACTL4_L = 0x508
                0x0000000000000509                __DMACTL4_H = 0x509
                0x0000000000000508                __DMACTL4 = 0x508
                0x000000000000050e                __DMAIV_L = 0x50e
                0x000000000000050f                __DMAIV_H = 0x50f
                0x000000000000050e                __DMAIV = 0x50e
                0x0000000000000510                __DMA0CTL_L = 0x510
                0x0000000000000511                __DMA0CTL_H = 0x511
                0x0000000000000510                __DMA0CTL = 0x510
                0x0000000000000512                __DMA0SA = 0x512
                0x0000000000000516                __DMA0DA = 0x516
                0x000000000000051a                __DMA0SZ = 0x51a
                0x0000000000000520                __DMA1CTL_L = 0x520
                0x0000000000000521                __DMA1CTL_H = 0x521
                0x0000000000000520                __DMA1CTL = 0x520
                0x0000000000000522                __DMA1SA = 0x522
                0x0000000000000526                __DMA1DA = 0x526
                0x000000000000052a                __DMA1SZ = 0x52a
                0x0000000000000530                __DMA2CTL_L = 0x530
                0x0000000000000531                __DMA2CTL_H = 0x531
                0x0000000000000530                __DMA2CTL = 0x530
                0x0000000000000532                __DMA2SA = 0x532
                0x0000000000000536                __DMA2DA = 0x536
                0x000000000000053a                __DMA2SZ = 0x53a
                0x0000000000000140                __FCTL1_L = 0x140
                0x0000000000000141                __FCTL1_H = 0x141
                0x0000000000000140                __FCTL1 = 0x140
                0x0000000000000144                __FCTL3_L = 0x144
                0x0000000000000145                __FCTL3_H = 0x145
                0x0000000000000144                __FCTL3 = 0x144
                0x0000000000000146                __FCTL4_L = 0x146
                0x0000000000000147                __FCTL4_H = 0x147
                0x0000000000000146                __FCTL4 = 0x146
                0x00000000000004c0                __MPY_L = 0x4c0
                0x00000000000004c1                __MPY_H = 0x4c1
                0x00000000000004c0                __MPY = 0x4c0
                0x00000000000004c2                __MPYS_L = 0x4c2
                0x00000000000004c3                __MPYS_H = 0x4c3
                0x00000000000004c2                __MPYS = 0x4c2
                0x00000000000004c4                __MAC_L = 0x4c4
                0x00000000000004c5                __MAC_H = 0x4c5
                0x00000000000004c4                __MAC = 0x4c4
                0x00000000000004c6                __MACS_L = 0x4c6
                0x00000000000004c7                __MACS_H = 0x4c7
                0x00000000000004c6                __MACS = 0x4c6
                0x00000000000004c8                __OP2_L = 0x4c8
                0x00000000000004c9                __OP2_H = 0x4c9
                0x00000000000004c8                __OP2 = 0x4c8
                0x00000000000004ca                __RESLO_L = 0x4ca
                0x00000000000004cb                __RESLO_H = 0x4cb
                0x00000000000004ca                __RESLO = 0x4ca
                0x00000000000004cc                __RESHI_L = 0x4cc
                0x00000000000004cd                __RESHI_H = 0x4cd
                0x00000000000004cc                __RESHI = 0x4cc
                0x00000000000004ce                __SUMEXT_L = 0x4ce
                0x00000000000004cf                __SUMEXT_H = 0x4cf
                0x00000000000004ce                __SUMEXT = 0x4ce
                0x00000000000004d0                __MPY32L_L = 0x4d0
                0x00000000000004d1                __MPY32L_H = 0x4d1
                0x00000000000004d0                __MPY32L = 0x4d0
                0x00000000000004d2                __MPY32H_L = 0x4d2
                0x00000000000004d3                __MPY32H_H = 0x4d3
                0x00000000000004d2                __MPY32H = 0x4d2
                0x00000000000004d4                __MPYS32L_L = 0x4d4
                0x00000000000004d5                __MPYS32L_H = 0x4d5
                0x00000000000004d4                __MPYS32L = 0x4d4
                0x00000000000004d6                __MPYS32H_L = 0x4d6
                0x00000000000004d7                __MPYS32H_H = 0x4d7
                0x00000000000004d6                __MPYS32H = 0x4d6
                0x00000000000004d8                __MAC32L_L = 0x4d8
                0x00000000000004d9                __MAC32L_H = 0x4d9
                0x00000000000004d8                __MAC32L = 0x4d8
                0x00000000000004da                __MAC32H_L = 0x4da
                0x00000000000004db                __MAC32H_H = 0x4db
                0x00000000000004da                __MAC32H = 0x4da
                0x00000000000004dc                __MACS32L_L = 0x4dc
                0x00000000000004dd                __MACS32L_H = 0x4dd
                0x00000000000004dc                __MACS32L = 0x4dc
                0x00000000000004de                __MACS32H_L = 0x4de
                0x00000000000004df                __MACS32H_H = 0x4df
                0x00000000000004de                __MACS32H = 0x4de
                0x00000000000004e0                __OP2L_L = 0x4e0
                0x00000000000004e1                __OP2L_H = 0x4e1
                0x00000000000004e0                __OP2L = 0x4e0
                0x00000000000004e2                __OP2H_L = 0x4e2
                0x00000000000004e3                __OP2H_H = 0x4e3
                0x00000000000004e2                __OP2H = 0x4e2
                0x00000000000004e4                __RES0_L = 0x4e4
                0x00000000000004e5                __RES0_H = 0x4e5
                0x00000000000004e4                __RES0 = 0x4e4
                0x00000000000004e6                __RES1_L = 0x4e6
                0x00000000000004e7                __RES1_H = 0x4e7
                0x00000000000004e6                __RES1 = 0x4e6
                0x00000000000004e8                __RES2_L = 0x4e8
                0x00000000000004e9                __RES2_H = 0x4e9
                0x00000000000004e8                __RES2 = 0x4e8
                0x00000000000004ea                __RES3_L = 0x4ea
                0x00000000000004eb                __RES3_H = 0x4eb
                0x00000000000004ea                __RES3 = 0x4ea
                0x00000000000004ec                __MPY32CTL0_L = 0x4ec
                0x00000000000004ed                __MPY32CTL0_H = 0x4ed
                0x00000000000004ec                __MPY32CTL0 = 0x4ec
                0x0000000000000200                __PAIN_L = 0x200
                0x0000000000000201                __PAIN_H = 0x201
                0x0000000000000200                __PAIN = 0x200
                0x0000000000000202                __PAOUT_L = 0x202
                0x0000000000000203                __PAOUT_H = 0x203
                0x0000000000000202                __PAOUT = 0x202
                0x0000000000000204                __PADIR_L = 0x204
                0x0000000000000205                __PADIR_H = 0x205
                0x0000000000000204                __PADIR = 0x204
                0x0000000000000206                __PAREN_L = 0x206
                0x0000000000000207                __PAREN_H = 0x207
                0x0000000000000206                __PAREN = 0x206
                0x0000000000000208                __PADS_L = 0x208
                0x0000000000000209                __PADS_H = 0x209
                0x0000000000000208                __PADS = 0x208
                0x000000000000020a                __PASEL_L = 0x20a
                0x000000000000020b                __PASEL_H = 0x20b
                0x000000000000020a                __PASEL = 0x20a
                0x0000000000000218                __PAIES_L = 0x218
                0x0000000000000219                __PAIES_H = 0x219
                0x0000000000000218                __PAIES = 0x218
                0x000000000000021a                __PAIE_L = 0x21a
                0x000000000000021b                __PAIE_H = 0x21b
                0x000000000000021a                __PAIE = 0x21a
                0x000000000000021c                __PAIFG_L = 0x21c
                0x000000000000021d                __PAIFG_H = 0x21d
                0x000000000000021c                __PAIFG = 0x21c
                0x000000000000020e                __P1IV = 0x20e
                0x000000000000021e                __P2IV = 0x21e
                0x0000000000000220                __PBIN_L = 0x220
                0x0000000000000221                __PBIN_H = 0x221
                0x0000000000000220                __PBIN = 0x220
                0x0000000000000222                __PBOUT_L = 0x222
                0x0000000000000223                __PBOUT_H = 0x223
                0x0000000000000222                __PBOUT = 0x222
                0x0000000000000224                __PBDIR_L = 0x224
                0x0000000000000225                __PBDIR_H = 0x225
                0x0000000000000224                __PBDIR = 0x224
                0x0000000000000226                __PBREN_L = 0x226
                0x0000000000000227                __PBREN_H = 0x227
                0x0000000000000226                __PBREN = 0x226
                0x0000000000000228                __PBDS_L = 0x228
                0x0000000000000229                __PBDS_H = 0x229
                0x0000000000000228                __PBDS = 0x228
                0x000000000000022a                __PBSEL_L = 0x22a
                0x000000000000022b                __PBSEL_H = 0x22b
                0x000000000000022a                __PBSEL = 0x22a
                0x0000000000000240                __PCIN_L = 0x240
                0x0000000000000241                __PCIN_H = 0x241
                0x0000000000000240                __PCIN = 0x240
                0x0000000000000242                __PCOUT_L = 0x242
                0x0000000000000243                __PCOUT_H = 0x243
                0x0000000000000242                __PCOUT = 0x242
                0x0000000000000244                __PCDIR_L = 0x244
                0x0000000000000245                __PCDIR_H = 0x245
                0x0000000000000244                __PCDIR = 0x244
                0x0000000000000246                __PCREN_L = 0x246
                0x0000000000000247                __PCREN_H = 0x247
                0x0000000000000246                __PCREN = 0x246
                0x0000000000000248                __PCDS_L = 0x248
                0x0000000000000249                __PCDS_H = 0x249
                0x0000000000000248                __PCDS = 0x248
                0x000000000000024a                __PCSEL_L = 0x24a
                0x000000000000024b                __PCSEL_H = 0x24b
                0x000000000000024a                __PCSEL = 0x24a
                0x0000000000000320                __PJIN_L = 0x320
                0x0000000000000321                __PJIN_H = 0x321
                0x0000000000000320                __PJIN = 0x320
                0x0000000000000322                __PJOUT_L = 0x322
                0x0000000000000323                __PJOUT_H = 0x323
                0x0000000000000322                __PJOUT = 0x322
                0x0000000000000324                __PJDIR_L = 0x324
                0x0000000000000325                __PJDIR_H = 0x325
                0x0000000000000324                __PJDIR = 0x324
                0x0000000000000326                __PJREN_L = 0x326
                0x0000000000000327                __PJREN_H = 0x327
                0x0000000000000326                __PJREN = 0x326
                0x0000000000000328                __PJDS_L = 0x328
                0x0000000000000329                __PJDS_H = 0x329
                0x0000000000000328                __PJDS = 0x328
                0x00000000000001c0                __PMAPKEYID_L = 0x1c0
                0x00000000000001c1                __PMAPKEYID_H = 0x1c1
                0x00000000000001c0                __PMAPKEYID = 0x1c0
                0x00000000000001c2                __PMAPCTL_L = 0x1c2
                0x00000000000001c3                __PMAPCTL_H = 0x1c3
                0x00000000000001c2                __PMAPCTL = 0x1c2
                0x00000000000001e0                __P4MAP01_L = 0x1e0
                0x00000000000001e1                __P4MAP01_H = 0x1e1
                0x00000000000001e0                __P4MAP01 = 0x1e0
                0x00000000000001e2                __P4MAP23_L = 0x1e2
                0x00000000000001e3                __P4MAP23_H = 0x1e3
                0x00000000000001e2                __P4MAP23 = 0x1e2
                0x00000000000001e4                __P4MAP45_L = 0x1e4
                0x00000000000001e5                __P4MAP45_H = 0x1e5
                0x00000000000001e4                __P4MAP45 = 0x1e4
                0x00000000000001e6                __P4MAP67_L = 0x1e6
                0x00000000000001e7                __P4MAP67_H = 0x1e7
                0x00000000000001e6                __P4MAP67 = 0x1e6
                0x0000000000000120                __PMMCTL0_L = 0x120
                0x0000000000000121                __PMMCTL0_H = 0x121
                0x0000000000000120                __PMMCTL0 = 0x120
                0x0000000000000122                __PMMCTL1_L = 0x122
                0x0000000000000123                __PMMCTL1_H = 0x123
                0x0000000000000122                __PMMCTL1 = 0x122
                0x0000000000000124                __SVSMHCTL_L = 0x124
                0x0000000000000125                __SVSMHCTL_H = 0x125
                0x0000000000000124                __SVSMHCTL = 0x124
                0x0000000000000126                __SVSMLCTL_L = 0x126
                0x0000000000000127                __SVSMLCTL_H = 0x127
                0x0000000000000126                __SVSMLCTL = 0x126
                0x0000000000000128                __SVSMIO_L = 0x128
                0x0000000000000129                __SVSMIO_H = 0x129
                0x0000000000000128                __SVSMIO = 0x128
                0x000000000000012c                __PMMIFG_L = 0x12c
                0x000000000000012d                __PMMIFG_H = 0x12d
                0x000000000000012c                __PMMIFG = 0x12c
                0x000000000000012e                __PMMRIE_L = 0x12e
                0x000000000000012f                __PMMRIE_H = 0x12f
                0x000000000000012e                __PMMRIE = 0x12e
                0x0000000000000130                __PM5CTL0_L = 0x130
                0x0000000000000131                __PM5CTL0_H = 0x131
                0x0000000000000130                __PM5CTL0 = 0x130
                0x0000000000000158                __RCCTL0_L = 0x158
                0x0000000000000159                __RCCTL0_H = 0x159
                0x0000000000000158                __RCCTL0 = 0x158
                0x00000000000001b0                __REFCTL0_L = 0x1b0
                0x00000000000001b1                __REFCTL0_H = 0x1b1
                0x00000000000001b0                __REFCTL0 = 0x1b0
                0x00000000000004a0                __RTCCTL01_L = 0x4a0
                0x00000000000004a1                __RTCCTL01_H = 0x4a1
                0x00000000000004a0                __RTCCTL01 = 0x4a0
                0x00000000000004a2                __RTCCTL23_L = 0x4a2
                0x00000000000004a3                __RTCCTL23_H = 0x4a3
                0x00000000000004a2                __RTCCTL23 = 0x4a2
                0x00000000000004a8                __RTCPS0CTL_L = 0x4a8
                0x00000000000004a9                __RTCPS0CTL_H = 0x4a9
                0x00000000000004a8                __RTCPS0CTL = 0x4a8
                0x00000000000004aa                __RTCPS1CTL_L = 0x4aa
                0x00000000000004ab                __RTCPS1CTL_H = 0x4ab
                0x00000000000004aa                __RTCPS1CTL = 0x4aa
                0x00000000000004ac                __RTCPS_L = 0x4ac
                0x00000000000004ad                __RTCPS_H = 0x4ad
                0x00000000000004ac                __RTCPS = 0x4ac
                0x00000000000004ae                __RTCIV = 0x4ae
                0x00000000000004b0                __RTCTIM0_L = 0x4b0
                0x00000000000004b1                __RTCTIM0_H = 0x4b1
                0x00000000000004b0                __RTCTIM0 = 0x4b0
                0x00000000000004b2                __RTCTIM1_L = 0x4b2
                0x00000000000004b3                __RTCTIM1_H = 0x4b3
                0x00000000000004b2                __RTCTIM1 = 0x4b2
                0x00000000000004b4                __RTCDATE_L = 0x4b4
                0x00000000000004b5                __RTCDATE_H = 0x4b5
                0x00000000000004b4                __RTCDATE = 0x4b4
                0x00000000000004b6                __RTCYEAR_L = 0x4b6
                0x00000000000004b7                __RTCYEAR_H = 0x4b7
                0x00000000000004b6                __RTCYEAR = 0x4b6
                0x00000000000004b8                __RTCAMINHR_L = 0x4b8
                0x00000000000004b9                __RTCAMINHR_H = 0x4b9
                0x00000000000004b8                __RTCAMINHR = 0x4b8
                0x00000000000004ba                __RTCADOWDAY_L = 0x4ba
                0x00000000000004bb                __RTCADOWDAY_H = 0x4bb
                0x00000000000004ba                __RTCADOWDAY = 0x4ba
                0x0000000000000100                __SFRIE1_L = 0x100
                0x0000000000000101                __SFRIE1_H = 0x101
                0x0000000000000100                __SFRIE1 = 0x100
                0x0000000000000102                __SFRIFG1_L = 0x102
                0x0000000000000103                __SFRIFG1_H = 0x103
                0x0000000000000102                __SFRIFG1 = 0x102
                0x0000000000000104                __SFRRPCR_L = 0x104
                0x0000000000000105                __SFRRPCR_H = 0x105
                0x0000000000000104                __SFRRPCR = 0x104
                0x0000000000000180                __SYSCTL_L = 0x180
                0x0000000000000181                __SYSCTL_H = 0x181
                0x0000000000000180                __SYSCTL = 0x180
                0x0000000000000182                __SYSBSLC_L = 0x182
                0x0000000000000183                __SYSBSLC_H = 0x183
                0x0000000000000182                __SYSBSLC = 0x182
                0x0000000000000186                __SYSJMBC_L = 0x186
                0x0000000000000187                __SYSJMBC_H = 0x187
                0x0000000000000186                __SYSJMBC = 0x186
                0x0000000000000188                __SYSJMBI0_L = 0x188
                0x0000000000000189                __SYSJMBI0_H = 0x189
                0x0000000000000188                __SYSJMBI0 = 0x188
                0x000000000000018a                __SYSJMBI1_L = 0x18a
                0x000000000000018b                __SYSJMBI1_H = 0x18b
                0x000000000000018a                __SYSJMBI1 = 0x18a
                0x000000000000018c                __SYSJMBO0_L = 0x18c
                0x000000000000018d                __SYSJMBO0_H = 0x18d
                0x000000000000018c                __SYSJMBO0 = 0x18c
                0x000000000000018e                __SYSJMBO1_L = 0x18e
                0x000000000000018f                __SYSJMBO1_H = 0x18f
                0x000000000000018e                __SYSJMBO1 = 0x18e
                0x0000000000000198                __SYSBERRIV_L = 0x198
                0x0000000000000199                __SYSBERRIV_H = 0x199
                0x0000000000000198                __SYSBERRIV = 0x198
                0x000000000000019a                __SYSUNIV_L = 0x19a
                0x000000000000019b                __SYSUNIV_H = 0x19b
                0x000000000000019a                __SYSUNIV = 0x19a
                0x000000000000019c                __SYSSNIV_L = 0x19c
                0x000000000000019d                __SYSSNIV_H = 0x19d
                0x000000000000019c                __SYSSNIV = 0x19c
                0x000000000000019e                __SYSRSTIV_L = 0x19e
                0x000000000000019f                __SYSRSTIV_H = 0x19f
                0x000000000000019e                __SYSRSTIV = 0x19e
                0x0000000000000340                __TA0CTL = 0x340
                0x0000000000000342                __TA0CCTL0 = 0x342
                0x0000000000000344                __TA0CCTL1 = 0x344
                0x0000000000000346                __TA0CCTL2 = 0x346
                0x0000000000000348                __TA0CCTL3 = 0x348
                0x000000000000034a                __TA0CCTL4 = 0x34a
                0x0000000000000350                __TA0R = 0x350
                0x0000000000000352                __TA0CCR0 = 0x352
                0x0000000000000354                __TA0CCR1 = 0x354
                0x0000000000000356                __TA0CCR2 = 0x356
                0x0000000000000358                __TA0CCR3 = 0x358
                0x000000000000035a                __TA0CCR4 = 0x35a
                0x000000000000036e                __TA0IV = 0x36e
                0x0000000000000360                __TA0EX0 = 0x360
                0x0000000000000380                __TA1CTL = 0x380
                0x0000000000000382                __TA1CCTL0 = 0x382
                0x0000000000000384                __TA1CCTL1 = 0x384
                0x0000000000000386                __TA1CCTL2 = 0x386
                0x0000000000000390                __TA1R = 0x390
                0x0000000000000392                __TA1CCR0 = 0x392
                0x0000000000000394                __TA1CCR1 = 0x394
                0x0000000000000396                __TA1CCR2 = 0x396
                0x00000000000003ae                __TA1IV = 0x3ae
                0x00000000000003a0                __TA1EX0 = 0x3a0
                0x0000000000000400                __TA2CTL = 0x400
                0x0000000000000402                __TA2CCTL0 = 0x402
                0x0000000000000404                __TA2CCTL1 = 0x404
                0x0000000000000406                __TA2CCTL2 = 0x406
                0x0000000000000410                __TA2R = 0x410
                0x0000000000000412                __TA2CCR0 = 0x412
                0x0000000000000414                __TA2CCR1 = 0x414
                0x0000000000000416                __TA2CCR2 = 0x416
                0x000000000000042e                __TA2IV = 0x42e
                0x0000000000000420                __TA2EX0 = 0x420
                0x00000000000003c0                __TB0CTL = 0x3c0
                0x00000000000003c2                __TB0CCTL0 = 0x3c2
                0x00000000000003c4                __TB0CCTL1 = 0x3c4
                0x00000000000003c6                __TB0CCTL2 = 0x3c6
                0x00000000000003c8                __TB0CCTL3 = 0x3c8
                0x00000000000003ca                __TB0CCTL4 = 0x3ca
                0x00000000000003cc                __TB0CCTL5 = 0x3cc
                0x00000000000003ce                __TB0CCTL6 = 0x3ce
                0x00000000000003d0                __TB0R = 0x3d0
                0x00000000000003d2                __TB0CCR0 = 0x3d2
                0x00000000000003d4                __TB0CCR1 = 0x3d4
                0x00000000000003d6                __TB0CCR2 = 0x3d6
                0x00000000000003d8                __TB0CCR3 = 0x3d8
                0x00000000000003da                __TB0CCR4 = 0x3da
                0x00000000000003dc                __TB0CCR5 = 0x3dc
                0x00000000000003de                __TB0CCR6 = 0x3de
                0x00000000000003e0                __TB0EX0 = 0x3e0
                0x00000000000003ee                __TB0IV = 0x3ee
                0x0000000000000900                __USBKEYID_L = 0x900
                0x0000000000000901                __USBKEYID_H = 0x901
                0x0000000000000900                __USBKEYID = 0x900
                0x0000000000000902                __USBCNF_L = 0x902
                0x0000000000000903                __USBCNF_H = 0x903
                0x0000000000000902                __USBCNF = 0x902
                0x0000000000000904                __USBPHYCTL_L = 0x904
                0x0000000000000905                __USBPHYCTL_H = 0x905
                0x0000000000000904                __USBPHYCTL = 0x904
                0x0000000000000908                __USBPWRCTL_L = 0x908
                0x0000000000000909                __USBPWRCTL_H = 0x909
                0x0000000000000908                __USBPWRCTL = 0x908
                0x0000000000000910                __USBPLLCTL_L = 0x910
                0x0000000000000911                __USBPLLCTL_H = 0x911
                0x0000000000000910                __USBPLLCTL = 0x910
                0x0000000000000912                __USBPLLDIVB_L = 0x912
                0x0000000000000913                __USBPLLDIVB_H = 0x913
                0x0000000000000912                __USBPLLDIVB = 0x912
                0x0000000000000914                __USBPLLIR_L = 0x914
                0x0000000000000915                __USBPLLIR_H = 0x915
                0x0000000000000914                __USBPLLIR = 0x914
                0x0000000000000920                __USBIEPCNF_0 = 0x920
                0x0000000000000921                __USBIEPCNT_0 = 0x921
                0x0000000000000922                __USBOEPCNF_0 = 0x922
                0x0000000000000923                __USBOEPCNT_0 = 0x923
                0x000000000000092e                __USBIEPIE = 0x92e
                0x000000000000092f                __USBOEPIE = 0x92f
                0x0000000000000930                __USBIEPIFG = 0x930
                0x0000000000000931                __USBOEPIFG = 0x931
                0x0000000000000932                __USBVECINT_L = 0x932
                0x0000000000000933                __USBVECINT_H = 0x933
                0x0000000000000932                __USBVECINT = 0x932
                0x0000000000000936                __USBMAINT_L = 0x936
                0x0000000000000937                __USBMAINT_H = 0x937
                0x0000000000000936                __USBMAINT = 0x936
                0x0000000000000938                __USBTSREG_L = 0x938
                0x0000000000000939                __USBTSREG_H = 0x939
                0x0000000000000938                __USBTSREG = 0x938
                0x000000000000093a                __USBFN_L = 0x93a
                0x000000000000093b                __USBFN_H = 0x93b
                0x000000000000093a                __USBFN = 0x93a
                0x000000000000093c                __USBCTL = 0x93c
                0x000000000000093d                __USBIE = 0x93d
                0x000000000000093e                __USBIFG = 0x93e
                0x000000000000093f                __USBFUNADR = 0x93f
                0x00000000000023ff                __USBIEPSIZXY_7 = 0x23ff
                0x00000000000023fe                __USBIEPBCTY_7 = 0x23fe
                0x00000000000023fd                __USBIEPBBAY_7 = 0x23fd
                0x00000000000023fa                __USBIEPBCTX_7 = 0x23fa
                0x00000000000023f9                __USBIEPBBAX_7 = 0x23f9
                0x00000000000023f8                __USBIEPCNF_7 = 0x23f8
                0x00000000000023f7                __USBIEPSIZXY_6 = 0x23f7
                0x00000000000023f6                __USBIEPBCTY_6 = 0x23f6
                0x00000000000023f5                __USBIEPBBAY_6 = 0x23f5
                0x00000000000023f2                __USBIEPBCTX_6 = 0x23f2
                0x00000000000023f1                __USBIEPBBAX_6 = 0x23f1
                0x00000000000023f0                __USBIEPCNF_6 = 0x23f0
                0x00000000000023ef                __USBIEPSIZXY_5 = 0x23ef
                0x00000000000023ee                __USBIEPBCTY_5 = 0x23ee
                0x00000000000023ed                __USBIEPBBAY_5 = 0x23ed
                0x00000000000023ea                __USBIEPBCTX_5 = 0x23ea
                0x00000000000023e9                __USBIEPBBAX_5 = 0x23e9
                0x00000000000023e8                __USBIEPCNF_5 = 0x23e8
                0x00000000000023e7                __USBIEPSIZXY_4 = 0x23e7
                0x00000000000023e6                __USBIEPBCTY_4 = 0x23e6
                0x00000000000023e5                __USBIEPBBAY_4 = 0x23e5
                0x00000000000023e2                __USBIEPBCTX_4 = 0x23e2
                0x00000000000023e1                __USBIEPBBAX_4 = 0x23e1
                0x00000000000023e0                __USBIEPCNF_4 = 0x23e0
                0x00000000000023df                __USBIEPSIZXY_3 = 0x23df
                0x00000000000023de                __USBIEPBCTY_3 = 0x23de
                0x00000000000023dd                __USBIEPBBAY_3 = 0x23dd
                0x00000000000023da                __USBIEPBCTX_3 = 0x23da
                0x00000000000023d9                __USBIEPBBAX_3 = 0x23d9
                0x00000000000023d8                __USBIEPCNF_3 = 0x23d8
                0x00000000000023d7                __USBIEPSIZXY_2 = 0x23d7
                0x00000000000023d6                __USBIEPBCTY_2 = 0x23d6
                0x00000000000023d5                __USBIEPBBAY_2 = 0x23d5
                0x00000000000023d2                __USBIEPBCTX_2 = 0x23d2
                0x00000000000023d1                __USBIEPBBAX_2 = 0x23d1
                0x00000000000023d0                __USBIEPCNF_2 = 0x23d0
                0x00000000000023cf                __USBIEPSIZXY_1 = 0x23cf
                0x00000000000023ce                __USBIEPBCTY_1 = 0x23ce
                0x00000000000023cd                __USBIEPBBAY_1 = 0x23cd
                0x00000000000023ca                __USBIEPBCTX_1 = 0x23ca
                0x00000000000023c9                __USBIEPBBAX_1 = 0x23c9
                0x00000000000023c8                __USBIEPCNF_1 = 0x23c8
                0x00000000000023bf                __USBOEPSIZXY_7 = 0x23bf
                0x00000000000023be                __USBOEPBCTY_7 = 0x23be
                0x00000000000023bd                __USBOEPBBAY_7 = 0x23bd
                0x00000000000023ba                __USBOEPBCTX_7 = 0x23ba
                0x00000000000023b9                __USBOEPBBAX_7 = 0x23b9
                0x00000000000023b8                __USBOEPCNF_7 = 0x23b8
                0x00000000000023b7                __USBOEPSIZXY_6 = 0x23b7
                0x00000000000023b6                __USBOEPBCTY_6 = 0x23b6
                0x00000000000023b5                __USBOEPBBAY_6 = 0x23b5
                0x00000000000023b2                __USBOEPBCTX_6 = 0x23b2
                0x00000000000023b1                __USBOEPBBAX_6 = 0x23b1
                0x00000000000023b0                __USBOEPCNF_6 = 0x23b0
                0x00000000000023af                __USBOEPSIZXY_5 = 0x23af
                0x00000000000023ae                __USBOEPBCTY_5 = 0x23ae
                0x00000000000023ad                __USBOEPBBAY_5 = 0x23ad
                0x00000000000023aa                __USBOEPBCTX_5 = 0x23aa
                0x00000000000023a9                __USBOEPBBAX_5 = 0x23a9
                0x00000000000023a8                __USBOEPCNF_5 = 0x23a8
                0x00000000000023a7                __USBOEPSIZXY_4 = 0x23a7
                0x00000000000023a6                __USBOEPBCTY_4 = 0x23a6
                0x00000000000023a5                __USBOEPBBAY_4 = 0x23a5
                0x00000000000023a2                __USBOEPBCTX_4 = 0x23a2
                0x00000000000023a1                __USBOEPBBAX_4 = 0x23a1
                0x00000000000023a0                __USBOEPCNF_4 = 0x23a0
                0x000000000000239f                __USBOEPSIZXY_3 = 0x239f
                0x000000000000239e                __USBOEPBCTY_3 = 0x239e
                0x000000000000239d                __USBOEPBBAY_3 = 0x239d
                0x000000000000239a                __USBOEPBCTX_3 = 0x239a
                0x0000000000002399                __USBOEPBBAX_3 = 0x2399
                0x0000000000002398                __USBOEPCNF_3 = 0x2398
                0x0000000000002397                __USBOEPSIZXY_2 = 0x2397
                0x0000000000002396                __USBOEPBCTY_2 = 0x2396
                0x0000000000002395                __USBOEPBBAY_2 = 0x2395
                0x0000000000002392                __USBOEPBCTX_2 = 0x2392
                0x0000000000002391                __USBOEPBBAX_2 = 0x2391
                0x0000000000002390                __USBOEPCNF_2 = 0x2390
                0x000000000000238f                __USBOEPSIZXY_1 = 0x238f
                0x000000000000238e                __USBOEPBCTY_1 = 0x238e
                0x000000000000238d                __USBOEPBBAY_1 = 0x238d
                0x000000000000238a                __USBOEPBCTX_1 = 0x238a
                0x0000000000002389                __USBOEPBBAX_1 = 0x2389
                0x0000000000002388                __USBOEPCNF_1 = 0x2388
                0x0000000000002380                __USBSUBLK = 0x2380
                0x0000000000002378                __USBIEP0BUF = 0x2378
                0x0000000000002370                __USBOEP0BUF = 0x2370
                0x000000000000236f                __USBTOPBUFF = 0x236f
                0x0000000000001c00                __USBSTABUFF = 0x1c00
                0x0000000000000160                __UCSCTL0_L = 0x160
                0x0000000000000161                __UCSCTL0_H = 0x161
                0x0000000000000160                __UCSCTL0 = 0x160
                0x0000000000000162                __UCSCTL1_L = 0x162
                0x0000000000000163                __UCSCTL1_H = 0x163
                0x0000000000000162                __UCSCTL1 = 0x162
                0x0000000000000164                __UCSCTL2_L = 0x164
                0x0000000000000165                __UCSCTL2_H = 0x165
                0x0000000000000164                __UCSCTL2 = 0x164
                0x0000000000000166                __UCSCTL3_L = 0x166
                0x0000000000000167                __UCSCTL3_H = 0x167
                0x0000000000000166                __UCSCTL3 = 0x166
                0x0000000000000168                __UCSCTL4_L = 0x168
                0x0000000000000169                __UCSCTL4_H = 0x169
                0x0000000000000168                __UCSCTL4 = 0x168
                0x000000000000016a                __UCSCTL5_L = 0x16a
                0x000000000000016b                __UCSCTL5_H = 0x16b
                0x000000000000016a                __UCSCTL5 = 0x16a
                0x000000000000016c                __UCSCTL6_L = 0x16c
                0x000000000000016d                __UCSCTL6_H = 0x16d
                0x000000000000016c                __UCSCTL6 = 0x16c
                0x000000000000016e                __UCSCTL7_L = 0x16e
                0x000000000000016f                __UCSCTL7_H = 0x16f
                0x000000000000016e                __UCSCTL7 = 0x16e
                0x0000000000000170                __UCSCTL8_L = 0x170
                0x0000000000000171                __UCSCTL8_H = 0x171
                0x0000000000000170                __UCSCTL8 = 0x170
                0x00000000000005c0                __UCA0CTLW0_L = 0x5c0
                0x00000000000005c1                __UCA0CTLW0_H = 0x5c1
                0x00000000000005c0                __UCA0CTLW0 = 0x5c0
                0x00000000000005c6                __UCA0BRW_L = 0x5c6
                0x00000000000005c7                __UCA0BRW_H = 0x5c7
                0x00000000000005c6                __UCA0BRW = 0x5c6
                0x00000000000005c8                __UCA0MCTL = 0x5c8
                0x00000000000005ca                __UCA0STAT = 0x5ca
                0x00000000000005cc                __UCA0RXBUF = 0x5cc
                0x00000000000005ce                __UCA0TXBUF = 0x5ce
                0x00000000000005d0                __UCA0ABCTL = 0x5d0
                0x00000000000005d2                __UCA0IRCTL_L = 0x5d2
                0x00000000000005d3                __UCA0IRCTL_H = 0x5d3
                0x00000000000005d2                __UCA0IRCTL = 0x5d2
                0x00000000000005dc                __UCA0ICTL_L = 0x5dc
                0x00000000000005dd                __UCA0ICTL_H = 0x5dd
                0x00000000000005dc                __UCA0ICTL = 0x5dc
                0x00000000000005de                __UCA0IV = 0x5de
                0x00000000000005e0                __UCB0CTLW0_L = 0x5e0
                0x00000000000005e1                __UCB0CTLW0_H = 0x5e1
                0x00000000000005e0                __UCB0CTLW0 = 0x5e0
                0x00000000000005e6                __UCB0BRW_L = 0x5e6
                0x00000000000005e7                __UCB0BRW_H = 0x5e7
                0x00000000000005e6                __UCB0BRW = 0x5e6
                0x00000000000005ea                __UCB0STAT = 0x5ea
                0x00000000000005ec                __UCB0RXBUF = 0x5ec
                0x00000000000005ee                __UCB0TXBUF = 0x5ee
                0x00000000000005f0                __UCB0I2COA_L = 0x5f0
                0x00000000000005f1                __UCB0I2COA_H = 0x5f1
                0x00000000000005f0                __UCB0I2COA = 0x5f0
                0x00000000000005f2                __UCB0I2CSA_L = 0x5f2
                0x00000000000005f3                __UCB0I2CSA_H = 0x5f3
                0x00000000000005f2                __UCB0I2CSA = 0x5f2
                0x00000000000005fc                __UCB0ICTL_L = 0x5fc
                0x00000000000005fd                __UCB0ICTL_H = 0x5fd
                0x00000000000005fc                __UCB0ICTL = 0x5fc
                0x00000000000005fe                __UCB0IV = 0x5fe
                0x0000000000000600                __UCA1CTLW0_L = 0x600
                0x0000000000000601                __UCA1CTLW0_H = 0x601
                0x0000000000000600                __UCA1CTLW0 = 0x600
                0x0000000000000606                __UCA1BRW_L = 0x606
                0x0000000000000607                __UCA1BRW_H = 0x607
                0x0000000000000606                __UCA1BRW = 0x606
                0x0000000000000608                __UCA1MCTL = 0x608
                0x000000000000060a                __UCA1STAT = 0x60a
                0x000000000000060c                __UCA1RXBUF = 0x60c
                0x000000000000060e                __UCA1TXBUF = 0x60e
                0x0000000000000610                __UCA1ABCTL = 0x610
                0x0000000000000612                __UCA1IRCTL_L = 0x612
                0x0000000000000613                __UCA1IRCTL_H = 0x613
                0x0000000000000612                __UCA1IRCTL = 0x612
                0x000000000000061c                __UCA1ICTL_L = 0x61c
                0x000000000000061d                __UCA1ICTL_H = 0x61d
                0x000000000000061c                __UCA1ICTL = 0x61c
                0x000000000000061e                __UCA1IV = 0x61e
                0x0000000000000620                __UCB1CTLW0_L = 0x620
                0x0000000000000621                __UCB1CTLW0_H = 0x621
                0x0000000000000620                __UCB1CTLW0 = 0x620
                0x0000000000000626                __UCB1BRW_L = 0x626
                0x0000000000000627                __UCB1BRW_H = 0x627
                0x0000000000000626                __UCB1BRW = 0x626
                0x000000000000062a                __UCB1STAT = 0x62a
                0x000000000000062c                __UCB1RXBUF = 0x62c
                0x000000000000062e                __UCB1TXBUF = 0x62e
                0x0000000000000630                __UCB1I2COA_L = 0x630
                0x0000000000000631                __UCB1I2COA_H = 0x631
                0x0000000000000630                __UCB1I2COA = 0x630
                0x0000000000000632                __UCB1I2CSA_L = 0x632
                0x0000000000000633                __UCB1I2CSA_H = 0x633
                0x0000000000000632                __UCB1I2CSA = 0x632
                0x000000000000063c                __UCB1ICTL_L = 0x63c
                0x000000000000063d                __UCB1ICTL_H = 0x63d
                0x000000000000063c                __UCB1ICTL = 0x63c
                0x000000000000063e                __UCB1IV = 0x63e
                0x000000000000015c                __WDTCTL_L = 0x15c
                0x000000000000015d                __WDTCTL_H = 0x15d
                0x000000000000015c                __WDTCTL = 0x15c

.hash
 *(.hash)

.dynsym
 *(.dynsym)

.dynstr
 *(.dynstr)

.gnu.version
 *(.gnu.version)

.gnu.version_d
 *(.gnu.version_d)

.gnu.version_r
 *(.gnu.version_r)

.rel.init
 *(.rel.init)

.rela.init
 *(.rela.init)

.rel.text
 *(.rel.text)
 *(.rel.text.*)
 *(.rel.gnu.linkonce.t*)

.rela.text
 *(.rela.text)
 *(.rela.text.*)
 *(.rela.gnu.linkonce.t*)

.rel.fini
 *(.rel.fini)

.rela.fini
 *(.rela.fini)

.rel.rodata
 *(.rel.rodata)
 *(.rel.rodata.*)
 *(.rel.gnu.linkonce.r*)

.rela.rodata
 *(.rela.rodata)
 *(.rela.rodata.*)
 *(.rela.gnu.linkonce.r*)

.rel.data
 *(.rel.data)
 *(.rel.data.*)
 *(.rel.gnu.linkonce.d*)

.rela.data
 *(.rela.data)
 *(.rela.data.*)
 *(.rela.gnu.linkonce.d*)

.rel.ctors
 *(.rel.ctors)

.rela.ctors
 *(.rela.ctors)

.rel.dtors
 *(.rel.dtors)

.rela.dtors
 *(.rela.dtors)

.rel.got
 *(.rel.got)

.rela.got
 *(.rela.got)

.rel.bss
 *(.rel.bss)

.rela.bss
 *(.rela.bss)

.rel.plt
 *(.rel.plt)

.rela.plt
 *(.rela.plt)

.text           0x0000000000008000      0x8ea
                0x0000000000008000                . = ALIGN (0x2)
 *(.init)
 *(.init0)
 .init0         0x0000000000008000        0x0 /usr/lib/gcc/msp430/4.5.3/mcpu-430x/mmpy-16/libcrt0.a(_reset_vector__.o)
                0x0000000000008000                _reset_vector__
 *(.init1)
 *(.init2)
 .init2         0x0000000000008000        0x4 /usr/lib/gcc/msp430/4.5.3/mcpu-430x/mmpy-16/libcrt0.a(__init_stack.o)
                0x0000000000008000                __init_stack
 *(.init3)
 .init3         0x0000000000008004        0xa /usr/lib/gcc/msp430/4.5.3/mcpu-430x/mmpy-16/libcrt0.a(__low_level_init.o)
                0x0000000000008004                __low_level_init
 *(.init4)
 .init4         0x000000000000800e       0x16 /usr/lib/gcc/msp430/4.5.3/mcpu-430x/mmpy-16/libcrt0.a(_copy_data.o)
                0x000000000000800e                __do_copy_data
 .init4         0x0000000000008024       0x14 /usr/lib/gcc/msp430/4.5.3/mcpu-430x/mmpy-16/libcrt0.a(_clear_bss.o)
                0x0000000000008024                __do_clear_bss
 *(.init5)
 *(.init6)
 *(.init7)
 *(.init8)
 *(.init9)
 .init9         0x0000000000008038      0x12a objs/./main.o
                0x0000000000008038                main
 *(.fini9)
 .fini9         0x0000000000008162        0x0 /usr/lib/gcc/msp430/4.5.3/mcpu-430x/mmpy-16/libcrt0.a(__stop_progExec__.o)
                0x0000000000008162                __stop_progExec__
 *(.fini8)
 *(.fini7)
 *(.fini6)
 *(.fini5)
 *(.fini4)
 *(.fini3)
 *(.fini2)
 *(.fini1)
 *(.fini0)
 .fini0         0x0000000000008162        0x6 /usr/lib/gcc/msp430/4.5.3/mcpu-430x/mmpy-16/libcrt0.a(_endless_loop__.o)
                0x0000000000008162                _endless_loop__
 *(.fini)
                0x0000000000008168                . = ALIGN (0x2)
                0x0000000000008168                __ctors_start = .
 *(.ctors)
                0x0000000000008168                __ctors_end = .
                0x0000000000008168                __dtors_start = .
 *(.dtors)
                0x0000000000008168                __dtors_end = .
                0x0000000000008168                . = ALIGN (0x2)
 *(.text)
 .text          0x0000000000008168        0x4 /usr/lib/gcc/msp430/4.5.3/mcpu-430x/mmpy-16/crt0ivtbl64.o
                0x0000000000008168                __isr_37
                0x0000000000008168                __isr_47
                0x0000000000008168                __isr_51
                0x0000000000008168                __isr_14
                0x0000000000008168                __isr_24
                0x0000000000008168                __isr_4
                0x0000000000008168                __isr_33
                0x0000000000008168                __isr_19
                0x0000000000008168                __isr_29
                0x0000000000008168                __isr_23
                0x0000000000008168                __isr_32
                0x0000000000008168                __isr_11
                0x0000000000008168                __isr_54
                0x0000000000008168                __isr_42
                0x0000000000008168                __isr_16
                0x0000000000008168                __isr_59
                0x0000000000008168                __isr_39
                0x0000000000008168                __isr_26
                0x0000000000008168                __isr_5
                0x0000000000008168                __isr_46
                0x0000000000008168                __isr_2
                0x0000000000008168                __isr_10
                0x0000000000008168                __isr_7
                0x0000000000008168                __isr_60
                0x0000000000008168                __isr_25
                0x0000000000008168                __isr_36
                0x0000000000008168                __isr_34
                0x0000000000008168                __isr_0
                0x0000000000008168                __isr_44
                0x0000000000008168                __isr_28
                0x0000000000008168                __isr_8
                0x0000000000008168                __isr_20
                0x0000000000008168                __isr_61
                0x0000000000008168                __isr_3
                0x0000000000008168                __isr_48
                0x0000000000008168                __isr_18
                0x0000000000008168                __isr_12
                0x0000000000008168                __isr_55
                0x0000000000008168                __isr_43
                0x0000000000008168                __isr_50
                0x0000000000008168                __isr_13
                0x0000000000008168                __isr_56
                0x0000000000008168                __isr_27
                0x0000000000008168                __isr_38
                0x0000000000008168                __isr_9
                0x0000000000008168                __isr_35
                0x0000000000008168                __isr_30
                0x0000000000008168                __isr_6
                0x0000000000008168                __isr_22
                0x0000000000008168                __isr_1
                0x0000000000008168                __isr_31
                0x0000000000008168                __isr_45
                0x0000000000008168                __isr_15
                0x0000000000008168                __isr_58
                0x0000000000008168                __isr_17
                0x0000000000008168                __isr_21
                0x0000000000008168                __isr_62
                0x0000000000008168                __isr_52
                0x0000000000008168                __isr_40
 .text          0x000000000000816c      0x5a0 objs/./lcd.o
                0x000000000000816c                Delay
                0x0000000000008192                LCD_SEND_CHR
                0x000000000000823a                LCD_SEND_CMD
                0x00000000000082f0                LCD_Send_Symbol
                0x0000000000008338                LCD_Send_STR
                0x0000000000008390                LCD_Send_Long_STR
                0x00000000000084b6                LCD_Clear
                0x00000000000084be                LCD_Check_Busy_Flag
                0x0000000000008502                LCD_Read_Symbol
                0x00000000000085b4                LCD_Init
 .text          0x000000000000870c      0x18a objs/./main.o
                0x0000000000008842                enterLPM
                0x0000000000008854                RtcInt
                0x0000000000008854                __isr_41
                0x0000000000008870                __isr_53
                0x0000000000008870                ISRTimerA
                0x0000000000008878                __isr_57
                0x0000000000008878                WDTISR
                0x0000000000008894                __isr_49
                0x0000000000008894                TIMER1_A0_ISR
 .text          0x0000000000008896        0x0 /usr/lib/gcc/msp430/4.5.3/mcpu-430x/mmpy-16/libgcc.a(_divmodhi4.o)
 .text          0x0000000000008896        0x0 /usr/lib/gcc/msp430/4.5.3/mcpu-430x/mmpy-16/libgcc.a(_udivmodhi4.o)
 .text          0x0000000000008896        0x0 /usr/lib/gcc/msp430/4.5.3/mcpu-430x/mmpy-16/libcrt0.a(_reset_vector__.o)
 .text          0x0000000000008896        0x0 /usr/lib/gcc/msp430/4.5.3/mcpu-430x/mmpy-16/libcrt0.a(__init_stack.o)
 .text          0x0000000000008896        0x0 /usr/lib/gcc/msp430/4.5.3/mcpu-430x/mmpy-16/libcrt0.a(__low_level_init.o)
 .text          0x0000000000008896        0x0 /usr/lib/gcc/msp430/4.5.3/mcpu-430x/mmpy-16/libcrt0.a(_copy_data.o)
 .text          0x0000000000008896        0x0 /usr/lib/gcc/msp430/4.5.3/mcpu-430x/mmpy-16/libcrt0.a(_clear_bss.o)
 .text          0x0000000000008896        0x0 /usr/lib/gcc/msp430/4.5.3/mcpu-430x/mmpy-16/libcrt0.a(__stop_progExec__.o)
 .text          0x0000000000008896        0x0 /usr/lib/gcc/msp430/4.5.3/mcpu-430x/mmpy-16/libcrt0.a(_endless_loop__.o)
 .text          0x0000000000008896        0x0 /usr/lib/gcc/msp430/4.5.3/mcpu-430x/mmpy-16/libcrt0.a(_unexpected_.o)
                0x0000000000008896                . = ALIGN (0x2)
 *(.text.*)
 .text.crt0     0x0000000000008896        0x0 /usr/lib/gcc/msp430/4.5.3/mcpu-430x/mmpy-16/crt0ivtbl64.o
 .text.libgcc   0x0000000000008896       0x36 /usr/lib/gcc/msp430/4.5.3/mcpu-430x/mmpy-16/libgcc.a(_divmodhi4.o)
                0x0000000000008896                __divmodhi4
 .text.libgcc   0x00000000000088cc       0x1c /usr/lib/gcc/msp430/4.5.3/mcpu-430x/mmpy-16/libgcc.a(_udivmodhi4.o)
                0x00000000000088cc                __udivmodhi4
 .text.crt0     0x00000000000088e8        0x2 /usr/lib/gcc/msp430/4.5.3/mcpu-430x/mmpy-16/libcrt0.a(_unexpected_.o)
                0x00000000000088e8                _unexpected_
                0x00000000000088ea                _etext = .

.data           0x0000000000002400        0xe load address 0x00000000000088ea
                0x0000000000002400                . = ALIGN (0x2)
                0x0000000000002400                PROVIDE (__data_start, .)
 *(.data)
 .data          0x0000000000002400        0x0 /usr/lib/gcc/msp430/4.5.3/mcpu-430x/mmpy-16/crt0ivtbl64.o
 .data          0x0000000000002400        0x0 objs/./lcd.o
 .data          0x0000000000002400        0xe objs/./main.o
                0x0000000000002400                defaultrtcdata
 .data          0x000000000000240e        0x0 /usr/lib/gcc/msp430/4.5.3/mcpu-430x/mmpy-16/libgcc.a(_divmodhi4.o)
 .data          0x000000000000240e        0x0 /usr/lib/gcc/msp430/4.5.3/mcpu-430x/mmpy-16/libgcc.a(_udivmodhi4.o)
 .data          0x000000000000240e        0x0 /usr/lib/gcc/msp430/4.5.3/mcpu-430x/mmpy-16/libcrt0.a(_reset_vector__.o)
 .data          0x000000000000240e        0x0 /usr/lib/gcc/msp430/4.5.3/mcpu-430x/mmpy-16/libcrt0.a(__init_stack.o)
 .data          0x000000000000240e        0x0 /usr/lib/gcc/msp430/4.5.3/mcpu-430x/mmpy-16/libcrt0.a(__low_level_init.o)
 .data          0x000000000000240e        0x0 /usr/lib/gcc/msp430/4.5.3/mcpu-430x/mmpy-16/libcrt0.a(_copy_data.o)
 .data          0x000000000000240e        0x0 /usr/lib/gcc/msp430/4.5.3/mcpu-430x/mmpy-16/libcrt0.a(_clear_bss.o)
 .data          0x000000000000240e        0x0 /usr/lib/gcc/msp430/4.5.3/mcpu-430x/mmpy-16/libcrt0.a(__stop_progExec__.o)
 .data          0x000000000000240e        0x0 /usr/lib/gcc/msp430/4.5.3/mcpu-430x/mmpy-16/libcrt0.a(_endless_loop__.o)
 .data          0x000000000000240e        0x0 /usr/lib/gcc/msp430/4.5.3/mcpu-430x/mmpy-16/libcrt0.a(_unexpected_.o)
 *(SORT(.data.*))
                0x000000000000240e                . = ALIGN (0x2)
 *(.gnu.linkonce.d*)
                0x000000000000240e                . = ALIGN (0x2)
                0x000000000000240e                _edata = .
                0x00000000000088ea                PROVIDE (__data_load_start, LOADADDR (.data))
                0x000000000000000e                PROVIDE (__data_size, SIZEOF (.data))

.bss            0x000000000000240e       0x28 load address 0x00000000000088f8
                0x000000000000240e                PROVIDE (__bss_start, .)
 *(.bss)
 .bss           0x000000000000240e        0x0 /usr/lib/gcc/msp430/4.5.3/mcpu-430x/mmpy-16/crt0ivtbl64.o
 .bss           0x000000000000240e        0x2 objs/./lcd.o
                0x000000000000240e                flag_register
 .bss           0x0000000000002410       0x26 objs/./main.o
                0x0000000000002410                timeString
                0x0000000000002424                rtcdata
 .bss           0x0000000000002436        0x0 /usr/lib/gcc/msp430/4.5.3/mcpu-430x/mmpy-16/libgcc.a(_divmodhi4.o)
 .bss           0x0000000000002436        0x0 /usr/lib/gcc/msp430/4.5.3/mcpu-430x/mmpy-16/libgcc.a(_udivmodhi4.o)
 .bss           0x0000000000002436        0x0 /usr/lib/gcc/msp430/4.5.3/mcpu-430x/mmpy-16/libcrt0.a(_reset_vector__.o)
 .bss           0x0000000000002436        0x0 /usr/lib/gcc/msp430/4.5.3/mcpu-430x/mmpy-16/libcrt0.a(__init_stack.o)
 .bss           0x0000000000002436        0x0 /usr/lib/gcc/msp430/4.5.3/mcpu-430x/mmpy-16/libcrt0.a(__low_level_init.o)
 .bss           0x0000000000002436        0x0 /usr/lib/gcc/msp430/4.5.3/mcpu-430x/mmpy-16/libcrt0.a(_copy_data.o)
 .bss           0x0000000000002436        0x0 /usr/lib/gcc/msp430/4.5.3/mcpu-430x/mmpy-16/libcrt0.a(_clear_bss.o)
 .bss           0x0000000000002436        0x0 /usr/lib/gcc/msp430/4.5.3/mcpu-430x/mmpy-16/libcrt0.a(__stop_progExec__.o)
 .bss           0x0000000000002436        0x0 /usr/lib/gcc/msp430/4.5.3/mcpu-430x/mmpy-16/libcrt0.a(_endless_loop__.o)
 .bss           0x0000000000002436        0x0 /usr/lib/gcc/msp430/4.5.3/mcpu-430x/mmpy-16/libcrt0.a(_unexpected_.o)
 *(SORT(.bss.*))
 *(COMMON)
                0x0000000000002436                PROVIDE (__bss_end, .)
                0x0000000000002436                _end = .
                0x0000000000000028                PROVIDE (__bss_size, SIZEOF (.bss))

.noinit         0x0000000000002436        0x0 load address 0x00000000000088f8
                0x0000000000002436                PROVIDE (__noinit_start, .)
 *(.noinit)
 *(.noinit.*)
 *(COMMON)
                0x0000000000002436                PROVIDE (__noinit_end, .)
                0x0000000000002436                _end = .

.infomem        0x0000000000001800        0x0
 *(.infomem)
                0x0000000000001800                . = ALIGN (0x2)
 *(.infomem.*)

.vectors        0x000000000000ff80       0x80
                0x000000000000ff80                PROVIDE (__vectors_start, .)
 *(.vectors*)
 .vectors       0x000000000000ff80       0x80 /usr/lib/gcc/msp430/4.5.3/mcpu-430x/mmpy-16/crt0ivtbl64.o
                0x000000000000ff80                __ivtbl_64
                0x0000000000010000                _vectors_end = .

.fartext        0x0000000000000000        0x0
                0x0000000000000000                . = ALIGN (0x2)
 *(.fartext)
                0x0000000000000000                . = ALIGN (0x2)
 *(.fartext.*)
                0x0000000000000000                _efartext = .

.profiler
 *(.profiler)

.stab
 *(.stab)

.stabstr
 *(.stabstr)

.stab.excl
 *(.stab.excl)

.stab.exclstr
 *(.stab.exclstr)

.stab.index
 *(.stab.index)

.stab.indexstr
 *(.stab.indexstr)

.comment
 *(.comment)

.debug
 *(.debug)

.line
 *(.line)

.debug_srcinfo
 *(.debug_srcinfo)

.debug_sfnames
 *(.debug_sfnames)

.debug_aranges  0x0000000000000000       0xa0
 *(.debug_aranges)
 .debug_aranges
                0x0000000000000000       0x14 /usr/lib/gcc/msp430/4.5.3/mcpu-430x/mmpy-16/libgcc.a(_divmodhi4.o)
 .debug_aranges
                0x0000000000000014       0x14 /usr/lib/gcc/msp430/4.5.3/mcpu-430x/mmpy-16/libgcc.a(_udivmodhi4.o)
 .debug_aranges
                0x0000000000000028       0x14 /usr/lib/gcc/msp430/4.5.3/mcpu-430x/mmpy-16/libcrt0.a(__init_stack.o)
 .debug_aranges
                0x000000000000003c       0x14 /usr/lib/gcc/msp430/4.5.3/mcpu-430x/mmpy-16/libcrt0.a(__low_level_init.o)
 .debug_aranges
                0x0000000000000050       0x14 /usr/lib/gcc/msp430/4.5.3/mcpu-430x/mmpy-16/libcrt0.a(_copy_data.o)
 .debug_aranges
                0x0000000000000064       0x14 /usr/lib/gcc/msp430/4.5.3/mcpu-430x/mmpy-16/libcrt0.a(_clear_bss.o)
 .debug_aranges
                0x0000000000000078       0x14 /usr/lib/gcc/msp430/4.5.3/mcpu-430x/mmpy-16/libcrt0.a(_endless_loop__.o)
 .debug_aranges
                0x000000000000008c       0x14 /usr/lib/gcc/msp430/4.5.3/mcpu-430x/mmpy-16/libcrt0.a(_unexpected_.o)

.debug_pubnames
 *(.debug_pubnames)

.debug_info     0x0000000000000000      0x678
 *(.debug_info)
 .debug_info    0x0000000000000000       0xed /usr/lib/gcc/msp430/4.5.3/mcpu-430x/mmpy-16/libgcc.a(_divmodhi4.o)
 .debug_info    0x00000000000000ed       0xed /usr/lib/gcc/msp430/4.5.3/mcpu-430x/mmpy-16/libgcc.a(_udivmodhi4.o)
 .debug_info    0x00000000000001da       0xc5 /usr/lib/gcc/msp430/4.5.3/mcpu-430x/mmpy-16/libcrt0.a(__init_stack.o)
 .debug_info    0x000000000000029f       0xc5 /usr/lib/gcc/msp430/4.5.3/mcpu-430x/mmpy-16/libcrt0.a(__low_level_init.o)
 .debug_info    0x0000000000000364       0xc5 /usr/lib/gcc/msp430/4.5.3/mcpu-430x/mmpy-16/libcrt0.a(_copy_data.o)
 .debug_info    0x0000000000000429       0xc5 /usr/lib/gcc/msp430/4.5.3/mcpu-430x/mmpy-16/libcrt0.a(_clear_bss.o)
 .debug_info    0x00000000000004ee       0xc5 /usr/lib/gcc/msp430/4.5.3/mcpu-430x/mmpy-16/libcrt0.a(_endless_loop__.o)
 .debug_info    0x00000000000005b3       0xc5 /usr/lib/gcc/msp430/4.5.3/mcpu-430x/mmpy-16/libcrt0.a(_unexpected_.o)
 *(.gnu.linkonce.wi.*)

.debug_abbrev   0x0000000000000000       0xa0
 *(.debug_abbrev)
 .debug_abbrev  0x0000000000000000       0x14 /usr/lib/gcc/msp430/4.5.3/mcpu-430x/mmpy-16/libgcc.a(_divmodhi4.o)
 .debug_abbrev  0x0000000000000014       0x14 /usr/lib/gcc/msp430/4.5.3/mcpu-430x/mmpy-16/libgcc.a(_udivmodhi4.o)
 .debug_abbrev  0x0000000000000028       0x14 /usr/lib/gcc/msp430/4.5.3/mcpu-430x/mmpy-16/libcrt0.a(__init_stack.o)
 .debug_abbrev  0x000000000000003c       0x14 /usr/lib/gcc/msp430/4.5.3/mcpu-430x/mmpy-16/libcrt0.a(__low_level_init.o)
 .debug_abbrev  0x0000000000000050       0x14 /usr/lib/gcc/msp430/4.5.3/mcpu-430x/mmpy-16/libcrt0.a(_copy_data.o)
 .debug_abbrev  0x0000000000000064       0x14 /usr/lib/gcc/msp430/4.5.3/mcpu-430x/mmpy-16/libcrt0.a(_clear_bss.o)
 .debug_abbrev  0x0000000000000078       0x14 /usr/lib/gcc/msp430/4.5.3/mcpu-430x/mmpy-16/libcrt0.a(_endless_loop__.o)
 .debug_abbrev  0x000000000000008c       0x14 /usr/lib/gcc/msp430/4.5.3/mcpu-430x/mmpy-16/libcrt0.a(_unexpected_.o)

.debug_line     0x0000000000000000      0x48a
 *(.debug_line)
 .debug_line    0x0000000000000000       0xab /usr/lib/gcc/msp430/4.5.3/mcpu-430x/mmpy-16/libgcc.a(_divmodhi4.o)
 .debug_line    0x00000000000000ab       0xa0 /usr/lib/gcc/msp430/4.5.3/mcpu-430x/mmpy-16/libgcc.a(_udivmodhi4.o)
 .debug_line    0x000000000000014b       0x88 /usr/lib/gcc/msp430/4.5.3/mcpu-430x/mmpy-16/libcrt0.a(__init_stack.o)
 .debug_line    0x00000000000001d3       0x8a /usr/lib/gcc/msp430/4.5.3/mcpu-430x/mmpy-16/libcrt0.a(__low_level_init.o)
 .debug_line    0x000000000000025d       0x8e /usr/lib/gcc/msp430/4.5.3/mcpu-430x/mmpy-16/libcrt0.a(_copy_data.o)
 .debug_line    0x00000000000002eb       0x8e /usr/lib/gcc/msp430/4.5.3/mcpu-430x/mmpy-16/libcrt0.a(_clear_bss.o)
 .debug_line    0x0000000000000379       0x89 /usr/lib/gcc/msp430/4.5.3/mcpu-430x/mmpy-16/libcrt0.a(_endless_loop__.o)
 .debug_line    0x0000000000000402       0x88 /usr/lib/gcc/msp430/4.5.3/mcpu-430x/mmpy-16/libcrt0.a(_unexpected_.o)

.debug_frame
 *(.debug_frame)

.debug_str
 *(.debug_str)

.debug_loc
 *(.debug_loc)

.debug_macinfo
 *(.debug_macinfo)

.debug_pubtypes
 *(.debug_pubtypes)

.debug_ranges
 *(.debug_ranges)
                0x0000000000003400                PROVIDE (__stack, (ORIGIN (ram) + 0x1000))
                0x00000000000088ea                PROVIDE (__data_start_rom, _etext)
                0x00000000000088f8                PROVIDE (__data_end_rom, (_etext + SIZEOF (.data)))
                0x00000000000088f8                PROVIDE (__noinit_start_rom, (_etext + SIZEOF (.data)))
                0x00000000000088f8                PROVIDE (__noinit_end_rom, ((_etext + SIZEOF (.data)) + SIZEOF (.noinit)))
OUTPUT(clock.elf elf32-msp430)

Cross Reference Table

Symbol                                            File
Delay                                             objs/./lcd.o
ISRTimerA                                         objs/./main.o
LCD_Check_Busy_Flag                               objs/./lcd.o
LCD_Clear                                         objs/./lcd.o
LCD_Init                                          objs/./lcd.o
                                                  objs/./main.o
LCD_Read_Symbol                                   objs/./lcd.o
LCD_SEND_CHR                                      objs/./lcd.o
LCD_SEND_CMD                                      objs/./lcd.o
LCD_Send_Long_STR                                 objs/./lcd.o
LCD_Send_STR                                      objs/./lcd.o
                                                  objs/./main.o
LCD_Send_Symbol                                   objs/./lcd.o
RtcInt                                            objs/./main.o
TIMER1_A0_ISR                                     objs/./main.o
WDTISR                                            objs/./main.o
__PADIR_H                                         objs/./main.o
__PADIR_L                                         objs/./main.o
__PAIN_H                                          objs/./main.o
__PAIN_L                                          objs/./main.o
                                                  objs/./lcd.o
__PAOUT_H                                         objs/./main.o
__PAOUT_L                                         objs/./main.o
                                                  objs/./lcd.o
__PAREN_H                                         objs/./main.o
__PAREN_L                                         objs/./main.o
__PBDIR_H                                         objs/./main.o
__PBOUT_H                                         objs/./main.o
__PCDIR_H                                         objs/./main.o
__PCDIR_L                                         objs/./main.o
__PCDS_L                                          objs/./main.o
__PCOUT_H                                         objs/./main.o
__PCOUT_L                                         objs/./main.o
                                                  objs/./lcd.o
__PCSEL_L                                         objs/./main.o
__RTCCTL01                                        objs/./main.o
__RTCDATE_H                                       objs/./main.o
__RTCDATE_L                                       objs/./main.o
__RTCIV                                           objs/./main.o
__RTCTIM0_H                                       objs/./main.o
__RTCTIM0_L                                       objs/./main.o
__RTCTIM1_H                                       objs/./main.o
__RTCTIM1_L                                       objs/./main.o
__RTCYEAR_H                                       objs/./main.o
__RTCYEAR_L                                       objs/./main.o
__SFRIFG1                                         objs/./main.o
__TA0CCR0                                         objs/./main.o
__TA0CCTL0                                        objs/./main.o
__TA0CTL                                          objs/./main.o
__UCSCTL3                                         objs/./main.o
__UCSCTL6                                         objs/./main.o
__UCSCTL7                                         objs/./main.o
__WDTCTL                                          /usr/lib/gcc/msp430/4.5.3/mcpu-430x/mmpy-16/libcrt0.a(_clear_bss.o)
                                                  /usr/lib/gcc/msp430/4.5.3/mcpu-430x/mmpy-16/libcrt0.a(_copy_data.o)
                                                  /usr/lib/gcc/msp430/4.5.3/mcpu-430x/mmpy-16/libcrt0.a(__low_level_init.o)
                                                  objs/./main.o
__bss_size                                        /usr/lib/gcc/msp430/4.5.3/mcpu-430x/mmpy-16/libcrt0.a(_clear_bss.o)
__bss_start                                       /usr/lib/gcc/msp430/4.5.3/mcpu-430x/mmpy-16/libcrt0.a(_clear_bss.o)
__data_load_start                                 /usr/lib/gcc/msp430/4.5.3/mcpu-430x/mmpy-16/libcrt0.a(_copy_data.o)
__data_size                                       /usr/lib/gcc/msp430/4.5.3/mcpu-430x/mmpy-16/libcrt0.a(_copy_data.o)
__data_start                                      /usr/lib/gcc/msp430/4.5.3/mcpu-430x/mmpy-16/libcrt0.a(_copy_data.o)
__divmodhi4                                       /usr/lib/gcc/msp430/4.5.3/mcpu-430x/mmpy-16/libgcc.a(_divmodhi4.o)
                                                  objs/./main.o
__do_clear_bss                                    /usr/lib/gcc/msp430/4.5.3/mcpu-430x/mmpy-16/libcrt0.a(_clear_bss.o)
                                                  /usr/lib/gcc/msp430/4.5.3/mcpu-430x/mmpy-16/libcrt0.a(_reset_vector__.o)
__do_copy_data                                    /usr/lib/gcc/msp430/4.5.3/mcpu-430x/mmpy-16/libcrt0.a(_copy_data.o)
                                                  /usr/lib/gcc/msp430/4.5.3/mcpu-430x/mmpy-16/libcrt0.a(_reset_vector__.o)
__init_stack                                      /usr/lib/gcc/msp430/4.5.3/mcpu-430x/mmpy-16/libcrt0.a(__init_stack.o)
                                                  /usr/lib/gcc/msp430/4.5.3/mcpu-430x/mmpy-16/libcrt0.a(_reset_vector__.o)
__isr_0                                           /usr/lib/gcc/msp430/4.5.3/mcpu-430x/mmpy-16/crt0ivtbl64.o
__isr_1                                           /usr/lib/gcc/msp430/4.5.3/mcpu-430x/mmpy-16/crt0ivtbl64.o
__isr_10                                          /usr/lib/gcc/msp430/4.5.3/mcpu-430x/mmpy-16/crt0ivtbl64.o
__isr_11                                          /usr/lib/gcc/msp430/4.5.3/mcpu-430x/mmpy-16/crt0ivtbl64.o
__isr_12                                          /usr/lib/gcc/msp430/4.5.3/mcpu-430x/mmpy-16/crt0ivtbl64.o
__isr_13                                          /usr/lib/gcc/msp430/4.5.3/mcpu-430x/mmpy-16/crt0ivtbl64.o
__isr_14                                          /usr/lib/gcc/msp430/4.5.3/mcpu-430x/mmpy-16/crt0ivtbl64.o
__isr_15                                          /usr/lib/gcc/msp430/4.5.3/mcpu-430x/mmpy-16/crt0ivtbl64.o
__isr_16                                          /usr/lib/gcc/msp430/4.5.3/mcpu-430x/mmpy-16/crt0ivtbl64.o
__isr_17                                          /usr/lib/gcc/msp430/4.5.3/mcpu-430x/mmpy-16/crt0ivtbl64.o
__isr_18                                          /usr/lib/gcc/msp430/4.5.3/mcpu-430x/mmpy-16/crt0ivtbl64.o
__isr_19                                          /usr/lib/gcc/msp430/4.5.3/mcpu-430x/mmpy-16/crt0ivtbl64.o
__isr_2                                           /usr/lib/gcc/msp430/4.5.3/mcpu-430x/mmpy-16/crt0ivtbl64.o
__isr_20                                          /usr/lib/gcc/msp430/4.5.3/mcpu-430x/mmpy-16/crt0ivtbl64.o
__isr_21                                          /usr/lib/gcc/msp430/4.5.3/mcpu-430x/mmpy-16/crt0ivtbl64.o
__isr_22                                          /usr/lib/gcc/msp430/4.5.3/mcpu-430x/mmpy-16/crt0ivtbl64.o
__isr_23                                          /usr/lib/gcc/msp430/4.5.3/mcpu-430x/mmpy-16/crt0ivtbl64.o
__isr_24                                          /usr/lib/gcc/msp430/4.5.3/mcpu-430x/mmpy-16/crt0ivtbl64.o
__isr_25                                          /usr/lib/gcc/msp430/4.5.3/mcpu-430x/mmpy-16/crt0ivtbl64.o
__isr_26                                          /usr/lib/gcc/msp430/4.5.3/mcpu-430x/mmpy-16/crt0ivtbl64.o
__isr_27                                          /usr/lib/gcc/msp430/4.5.3/mcpu-430x/mmpy-16/crt0ivtbl64.o
__isr_28                                          /usr/lib/gcc/msp430/4.5.3/mcpu-430x/mmpy-16/crt0ivtbl64.o
__isr_29                                          /usr/lib/gcc/msp430/4.5.3/mcpu-430x/mmpy-16/crt0ivtbl64.o
__isr_3                                           /usr/lib/gcc/msp430/4.5.3/mcpu-430x/mmpy-16/crt0ivtbl64.o
__isr_30                                          /usr/lib/gcc/msp430/4.5.3/mcpu-430x/mmpy-16/crt0ivtbl64.o
__isr_31                                          /usr/lib/gcc/msp430/4.5.3/mcpu-430x/mmpy-16/crt0ivtbl64.o
__isr_32                                          /usr/lib/gcc/msp430/4.5.3/mcpu-430x/mmpy-16/crt0ivtbl64.o
__isr_33                                          /usr/lib/gcc/msp430/4.5.3/mcpu-430x/mmpy-16/crt0ivtbl64.o
__isr_34                                          /usr/lib/gcc/msp430/4.5.3/mcpu-430x/mmpy-16/crt0ivtbl64.o
__isr_35                                          /usr/lib/gcc/msp430/4.5.3/mcpu-430x/mmpy-16/crt0ivtbl64.o
__isr_36                                          /usr/lib/gcc/msp430/4.5.3/mcpu-430x/mmpy-16/crt0ivtbl64.o
__isr_37                                          /usr/lib/gcc/msp430/4.5.3/mcpu-430x/mmpy-16/crt0ivtbl64.o
__isr_38                                          /usr/lib/gcc/msp430/4.5.3/mcpu-430x/mmpy-16/crt0ivtbl64.o
__isr_39                                          /usr/lib/gcc/msp430/4.5.3/mcpu-430x/mmpy-16/crt0ivtbl64.o
__isr_4                                           /usr/lib/gcc/msp430/4.5.3/mcpu-430x/mmpy-16/crt0ivtbl64.o
__isr_40                                          /usr/lib/gcc/msp430/4.5.3/mcpu-430x/mmpy-16/crt0ivtbl64.o
__isr_41                                          objs/./main.o
                                                  /usr/lib/gcc/msp430/4.5.3/mcpu-430x/mmpy-16/crt0ivtbl64.o
__isr_42                                          /usr/lib/gcc/msp430/4.5.3/mcpu-430x/mmpy-16/crt0ivtbl64.o
__isr_43                                          /usr/lib/gcc/msp430/4.5.3/mcpu-430x/mmpy-16/crt0ivtbl64.o
__isr_44                                          /usr/lib/gcc/msp430/4.5.3/mcpu-430x/mmpy-16/crt0ivtbl64.o
__isr_45                                          /usr/lib/gcc/msp430/4.5.3/mcpu-430x/mmpy-16/crt0ivtbl64.o
__isr_46                                          /usr/lib/gcc/msp430/4.5.3/mcpu-430x/mmpy-16/crt0ivtbl64.o
__isr_47                                          /usr/lib/gcc/msp430/4.5.3/mcpu-430x/mmpy-16/crt0ivtbl64.o
__isr_48                                          /usr/lib/gcc/msp430/4.5.3/mcpu-430x/mmpy-16/crt0ivtbl64.o
__isr_49                                          objs/./main.o
                                                  /usr/lib/gcc/msp430/4.5.3/mcpu-430x/mmpy-16/crt0ivtbl64.o
__isr_5                                           /usr/lib/gcc/msp430/4.5.3/mcpu-430x/mmpy-16/crt0ivtbl64.o
__isr_50                                          /usr/lib/gcc/msp430/4.5.3/mcpu-430x/mmpy-16/crt0ivtbl64.o
__isr_51                                          /usr/lib/gcc/msp430/4.5.3/mcpu-430x/mmpy-16/crt0ivtbl64.o
__isr_52                                          /usr/lib/gcc/msp430/4.5.3/mcpu-430x/mmpy-16/crt0ivtbl64.o
__isr_53                                          objs/./main.o
                                                  /usr/lib/gcc/msp430/4.5.3/mcpu-430x/mmpy-16/crt0ivtbl64.o
__isr_54                                          /usr/lib/gcc/msp430/4.5.3/mcpu-430x/mmpy-16/crt0ivtbl64.o
__isr_55                                          /usr/lib/gcc/msp430/4.5.3/mcpu-430x/mmpy-16/crt0ivtbl64.o
__isr_56                                          /usr/lib/gcc/msp430/4.5.3/mcpu-430x/mmpy-16/crt0ivtbl64.o
__isr_57                                          objs/./main.o
                                                  /usr/lib/gcc/msp430/4.5.3/mcpu-430x/mmpy-16/crt0ivtbl64.o
__isr_58                                          /usr/lib/gcc/msp430/4.5.3/mcpu-430x/mmpy-16/crt0ivtbl64.o
__isr_59                                          /usr/lib/gcc/msp430/4.5.3/mcpu-430x/mmpy-16/crt0ivtbl64.o
__isr_6                                           /usr/lib/gcc/msp430/4.5.3/mcpu-430x/mmpy-16/crt0ivtbl64.o
__isr_60                                          /usr/lib/gcc/msp430/4.5.3/mcpu-430x/mmpy-16/crt0ivtbl64.o
__isr_61                                          /usr/lib/gcc/msp430/4.5.3/mcpu-430x/mmpy-16/crt0ivtbl64.o
__isr_62                                          /usr/lib/gcc/msp430/4.5.3/mcpu-430x/mmpy-16/crt0ivtbl64.o
__isr_7                                           /usr/lib/gcc/msp430/4.5.3/mcpu-430x/mmpy-16/crt0ivtbl64.o
__isr_8                                           /usr/lib/gcc/msp430/4.5.3/mcpu-430x/mmpy-16/crt0ivtbl64.o
__isr_9                                           /usr/lib/gcc/msp430/4.5.3/mcpu-430x/mmpy-16/crt0ivtbl64.o
__ivtbl_64                                        /usr/lib/gcc/msp430/4.5.3/mcpu-430x/mmpy-16/crt0ivtbl64.o
__low_level_init                                  /usr/lib/gcc/msp430/4.5.3/mcpu-430x/mmpy-16/libcrt0.a(__low_level_init.o)
                                                  /usr/lib/gcc/msp430/4.5.3/mcpu-430x/mmpy-16/libcrt0.a(_reset_vector__.o)
__stack                                           /usr/lib/gcc/msp430/4.5.3/mcpu-430x/mmpy-16/libcrt0.a(__init_stack.o)
__stop_progExec__                                 /usr/lib/gcc/msp430/4.5.3/mcpu-430x/mmpy-16/libcrt0.a(__stop_progExec__.o)
                                                  /usr/lib/gcc/msp430/4.5.3/mcpu-430x/mmpy-16/libcrt0.a(_reset_vector__.o)
__udivmodhi4                                      /usr/lib/gcc/msp430/4.5.3/mcpu-430x/mmpy-16/libgcc.a(_udivmodhi4.o)
                                                  /usr/lib/gcc/msp430/4.5.3/mcpu-430x/mmpy-16/libgcc.a(_divmodhi4.o)
_endless_loop__                                   /usr/lib/gcc/msp430/4.5.3/mcpu-430x/mmpy-16/libcrt0.a(_endless_loop__.o)
                                                  /usr/lib/gcc/msp430/4.5.3/mcpu-430x/mmpy-16/libcrt0.a(_reset_vector__.o)
_reset_vector__                                   /usr/lib/gcc/msp430/4.5.3/mcpu-430x/mmpy-16/libcrt0.a(_reset_vector__.o)
                                                  /usr/lib/gcc/msp430/4.5.3/mcpu-430x/mmpy-16/crt0ivtbl64.o
_unexpected_                                      /usr/lib/gcc/msp430/4.5.3/mcpu-430x/mmpy-16/libcrt0.a(_unexpected_.o)
                                                  /usr/lib/gcc/msp430/4.5.3/mcpu-430x/mmpy-16/crt0ivtbl64.o
defaultrtcdata                                    objs/./main.o
enterLPM                                          objs/./main.o
flag_register                                     objs/./lcd.o
main                                              objs/./main.o
rtcdata                                           objs/./main.o
timeString                                        objs/./main.o
